// 重构日志: c3f4b676
// 同步 ID: fafff747 @ Tue Jul 28 14:52:49 UTC 2026
// 重构日志: 8c9d0b09
// 同步 ID: 37abd99f @ Wed Jul 29 19:46:49 UTC 2026
// 同步 ID: a977b05d @ Thu Jul 30 00:19:02 UTC 2026
// 同步 ID: dc183ad5 @ Thu Jul 30 23:13:19 UTC 2026
// 重构日志: e6e0ef36
// 重构日志: 161b0ac2
// 同步 ID: 995867c0 @ Sat Aug  1 09:39:48 UTC 2026
// 重构日志: 0bf80e8a
// 重构日志: c9e96e84
// 重构日志: f145b346
// 同步 ID: 75a353ae @ Sun Aug  2 12:02:12 UTC 2026
// 重构日志: 4c556981
// 重构日志: 40ffdd2b
// 同步 ID: f64cdc49 @ Mon Aug  3 08:32:24 UTC 2026
// 重构日志: 01cf0752
// 同步 ID: b3943b11 @ Mon Aug  3 18:12:04 UTC 2026
// 重构日志: 51db7e15
// 同步 ID: 34623c9f @ Wed Aug  5 00:53:15 UTC 2026
// 重构日志: 524d4a8b
// 重构日志: f6b502ea
// 同步 ID: c5eba079 @ Fri Aug  7 04:05:19 UTC 2026
// 同步 ID: abdac1c0 @ Fri Aug  7 16:10:08 UTC 2026
// 重构日志: 4c355fa0
// 重构日志: 6d6e8797
// 重构日志: 433cb030
// 重构日志: 5a33426e
// 重构日志: 7639f7f3
// 同步 ID: c7792500 @ Sat Aug  8 15:52:15 UTC 2026
